INIT :

manish@Manishs-MacBook-Pro Git and GitHub % mkdir Git_Init_Demo
manish@Manishs-MacBook-Pro Git and GitHub % cd Git_Init_Demo
manish@Manishs-MacBook-Pro Git_Init_Demo % ls -a
.       ..
manish@Manishs-MacBook-Pro Git_Init_Demo % git init

hint: Using 'master' as the name for the initial branch. This default branch name
hint: is subject to change. To configure the initial branch name to use in all
hint: of your new repositories, which will suppress this warning, call:
hint:
hint:   git config --global init.defaultBranch <name>
hint:
hint: Names commonly chosen instead of 'master' are 'main', 'trunk' and
hint: 'development'. The just-created branch can be renamed via this command:
hint:
hint:   git branch -m <name>
Initialized empty Git repository in /Users/manish/Desktop/Software Developer Intern/Git and GitHub/Git_Init_Demo/.git/

manish@Manishs-MacBook-Pro Git_Init_Demo % git remote add origin https://github.com/ManishShettigar253/Git_Init_Demo.git
manish@Manishs-MacBook-Pro Git_Init_Demo % git remote -v
origin  https://github.com/ManishShettigar253/Git_Init_Demo.git (fetch)
origin  https://github.com/ManishShettigar253/Git_Init_Demo.git (push)

manish@Manishs-MacBook-Pro Git_Init_Demo % git bracchmanish@Manishs-MacBook-Pro Git_Init_Demo % git branch
* master

manish@Manishs-MacBook-Pro Git_Init_Demo % git add .
manish@Manishs-MacBook-Pro Git_Init_Demo % git commit -m "all"
On branch master

Initial commit

nothing to commit (create/copy files and use "git add" to track)
manish@Manishs-MacBook-Pro Git_Init_Demo % git commit -m "all"
On branch master

Initial commit

Untracked files:
  (use "git add <file>..." to include in what will be committed)
        hello

nothing added to commit but untracked files present (use "git add" to track)

manish@Manishs-MacBook-Pro Git_Init_Demo % git add .          
manish@Manishs-MacBook-Pro Git_Init_Demo % git commit -m "all"
[master (root-commit) b619521] all
 1 file changed, 1 insertion(+)
 create mode 100644 hello
 
manish@Manishs-MacBook-Pro Git_Init_Demo % git push -u origin master
Enumerating objects: 3, done.
Counting objects: 100% (3/3), done.
Writing objects: 100% (3/3), 202 bytes | 202.00 KiB/s, done.
Total 3 (delta 0), reused 0 (delta 0), pack-reused 0 (from 0)
To https://github.com/ManishShettigar253/Git_Init_Demo.git
 * [new branch]      master -> master
branch 'master' set up to track 'origin/master'.
